../Core/Src/main.c:110:6:HAL_CAN_RxFifo0MsgPendingCallback	16	static
../Core/Src/main.c:134:6:receiveITWithVariableLengthData	16	static
../Core/Src/main.c:150:5:main	8	static
../Core/Src/main.c:235:6:SystemClock_Config	88	static
../Core/Src/main.c:282:13:MX_CAN1_Init	8	static
../Core/Src/main.c:328:13:MX_CAN2_Init	8	static
../Core/Src/main.c:374:13:MX_USART3_UART_Init	8	static
../Core/Src/main.c:407:13:MX_GPIO_Init	48	static
../Core/Src/main.c:449:6:MX_CAN1_Setup	8	static
../Core/Src/main.c:456:6:MX_CAN2_Setup	8	static
../Core/Src/main.c:464:6:USART3_SendString	16	static
../Core/Src/main.c:472:6:PrintCANLog	40	static
../Core/Src/main.c:502:6:HAL_UART_RxCpltCallback	16	static
../Core/Src/main.c:523:6:delay	16	static
../Core/Src/main.c:540:6:SID_22_Practice	16	static
../Core/Src/main.c:577:6:Error_Handler	4	static,ignoring_inline_asm
